Analysis & Synthesis report for motor
Wed May 17 13:23:13 2023
Quartus Prime Version 17.1.1 Internal Build 593 12/11/2017 SJ Standard Edition


---------------------
; Table of Contents ;
---------------------
  1. Legal Notice
  2. Analysis & Synthesis Summary
  3. Analysis & Synthesis Settings
  4. Parallel Compilation
  5. Analysis & Synthesis Source Files Read
  6. Analysis & Synthesis Resource Usage Summary
  7. Analysis & Synthesis Resource Utilization by Entity
  8. State Machine - |Luces_final|FSM_luces_kit_medvedev:md|cuenta
  9. State Machine - |Luces_final|FSM_luces_kit_medvedev:md|estado_actual
 10. Registers Removed During Synthesis
 11. General Register Statistics
 12. Multiplexer Restructuring Statistics (Restructuring Performed)
 13. Parameter Settings for User Entity Instance: counter2:c2
 14. Parameter Settings for User Entity Instance: contador_up_down:cup
 15. Parameter Settings for User Entity Instance: contador_variable:cv
 16. Port Connectivity Checks: "contador_up_down:cup"
 17. Post-Synthesis Netlist Statistics for Top Partition
 18. Elapsed Time Per Partition
 19. Analysis & Synthesis Messages



----------------
; Legal Notice ;
----------------
Copyright (C) 2017  Intel Corporation. All rights reserved.
Your use of Intel Corporation's design tools, logic functions 
and other software and tools, and its AMPP partner logic 
functions, and any output files from any of the foregoing 
(including device programming or simulation files), and any 
associated documentation or information are expressly subject 
to the terms and conditions of the Intel Program License 
Subscription Agreement, the Intel Quartus Prime License Agreement,
the Intel FPGA IP License Agreement, or other applicable license
agreement, including, without limitation, that your use is for
the sole purpose of programming logic devices manufactured by
Intel and sold by Intel or its authorized distributors.  Please
refer to the applicable agreement for further details.



+-----------------------------------------------------------------------------------------------+
; Analysis & Synthesis Summary                                                                  ;
+------------------------------------+----------------------------------------------------------+
; Analysis & Synthesis Status        ; Successful - Wed May 17 13:23:13 2023                    ;
; Quartus Prime Version              ; 17.1.1 Internal Build 593 12/11/2017 SJ Standard Edition ;
; Revision Name                      ; motor                                                    ;
; Top-level Entity Name              ; Luces_final                                              ;
; Family                             ; Cyclone IV E                                             ;
; Total logic elements               ; 79                                                       ;
;     Total combinational functions  ; 67                                                       ;
;     Dedicated logic registers      ; 46                                                       ;
; Total registers                    ; 46                                                       ;
; Total pins                         ; 22                                                       ;
; Total virtual pins                 ; 0                                                        ;
; Total memory bits                  ; 0                                                        ;
; Embedded Multiplier 9-bit elements ; 0                                                        ;
; Total PLLs                         ; 0                                                        ;
+------------------------------------+----------------------------------------------------------+


+----------------------------------------------------------------------------------------------------------------------+
; Analysis & Synthesis Settings                                                                                        ;
+----------------------------------------------------------------------------+--------------------+--------------------+
; Option                                                                     ; Setting            ; Default Value      ;
+----------------------------------------------------------------------------+--------------------+--------------------+
; Device                                                                     ; EP4CE115F29C7      ;                    ;
; Top-level entity name                                                      ; Luces_final        ; motor              ;
; Family name                                                                ; Cyclone IV E       ; Cyclone V          ;
; Use smart compilation                                                      ; Off                ; Off                ;
; Enable parallel Assembler and TimeQuest Timing Analyzer during compilation ; On                 ; On                 ;
; Enable compact report table                                                ; Off                ; Off                ;
; Restructure Multiplexers                                                   ; Auto               ; Auto               ;
; Create Debugging Nodes for IP Cores                                        ; Off                ; Off                ;
; Preserve fewer node names                                                  ; On                 ; On                 ;
; Intel FPGA IP Evaluation Mode                                              ; Enable             ; Enable             ;
; Verilog Version                                                            ; Verilog_2001       ; Verilog_2001       ;
; VHDL Version                                                               ; VHDL_1993          ; VHDL_1993          ;
; State Machine Processing                                                   ; Auto               ; Auto               ;
; Safe State Machine                                                         ; Off                ; Off                ;
; Extract Verilog State Machines                                             ; On                 ; On                 ;
; Extract VHDL State Machines                                                ; On                 ; On                 ;
; Ignore Verilog initial constructs                                          ; Off                ; Off                ;
; Iteration limit for constant Verilog loops                                 ; 5000               ; 5000               ;
; Iteration limit for non-constant Verilog loops                             ; 250                ; 250                ;
; Add Pass-Through Logic to Inferred RAMs                                    ; On                 ; On                 ;
; Infer RAMs from Raw Logic                                                  ; On                 ; On                 ;
; Parallel Synthesis                                                         ; On                 ; On                 ;
; DSP Block Balancing                                                        ; Auto               ; Auto               ;
; NOT Gate Push-Back                                                         ; On                 ; On                 ;
; Power-Up Don't Care                                                        ; On                 ; On                 ;
; Remove Redundant Logic Cells                                               ; Off                ; Off                ;
; Remove Duplicate Registers                                                 ; On                 ; On                 ;
; Ignore CARRY Buffers                                                       ; Off                ; Off                ;
; Ignore CASCADE Buffers                                                     ; Off                ; Off                ;
; Ignore GLOBAL Buffers                                                      ; Off                ; Off                ;
; Ignore ROW GLOBAL Buffers                                                  ; Off                ; Off                ;
; Ignore LCELL Buffers                                                       ; Off                ; Off                ;
; Ignore SOFT Buffers                                                        ; On                 ; On                 ;
; Limit AHDL Integers to 32 Bits                                             ; Off                ; Off                ;
; Optimization Technique                                                     ; Balanced           ; Balanced           ;
; Carry Chain Length                                                         ; 70                 ; 70                 ;
; Auto Carry Chains                                                          ; On                 ; On                 ;
; Auto Open-Drain Pins                                                       ; On                 ; On                 ;
; Perform WYSIWYG Primitive Resynthesis                                      ; Off                ; Off                ;
; Auto ROM Replacement                                                       ; On                 ; On                 ;
; Auto RAM Replacement                                                       ; On                 ; On                 ;
; Auto DSP Block Replacement                                                 ; On                 ; On                 ;
; Auto Shift Register Replacement                                            ; Auto               ; Auto               ;
; Allow Shift Register Merging across Hierarchies                            ; Auto               ; Auto               ;
; Auto Clock Enable Replacement                                              ; On                 ; On                 ;
; Strict RAM Replacement                                                     ; Off                ; Off                ;
; Allow Synchronous Control Signals                                          ; On                 ; On                 ;
; Force Use of Synchronous Clear Signals                                     ; Off                ; Off                ;
; Auto RAM Block Balancing                                                   ; On                 ; On                 ;
; Auto RAM to Logic Cell Conversion                                          ; Off                ; Off                ;
; Auto Resource Sharing                                                      ; Off                ; Off                ;
; Allow Any RAM Size For Recognition                                         ; Off                ; Off                ;
; Allow Any ROM Size For Recognition                                         ; Off                ; Off                ;
; Allow Any Shift Register Size For Recognition                              ; Off                ; Off                ;
; Use LogicLock Constraints during Resource Balancing                        ; On                 ; On                 ;
; Ignore translate_off and synthesis_off directives                          ; Off                ; Off                ;
; Timing-Driven Synthesis                                                    ; On                 ; On                 ;
; Report Parameter Settings                                                  ; On                 ; On                 ;
; Report Source Assignments                                                  ; On                 ; On                 ;
; Report Connectivity Checks                                                 ; On                 ; On                 ;
; Ignore Maximum Fan-Out Assignments                                         ; Off                ; Off                ;
; Synchronization Register Chain Length                                      ; 2                  ; 2                  ;
; Power Optimization During Synthesis                                        ; Normal compilation ; Normal compilation ;
; HDL message level                                                          ; Level2             ; Level2             ;
; Suppress Register Optimization Related Messages                            ; Off                ; Off                ;
; Number of Removed Registers Reported in Synthesis Report                   ; 5000               ; 5000               ;
; Number of Swept Nodes Reported in Synthesis Report                         ; 5000               ; 5000               ;
; Number of Inverted Registers Reported in Synthesis Report                  ; 100                ; 100                ;
; Clock MUX Protection                                                       ; On                 ; On                 ;
; Auto Gated Clock Conversion                                                ; Off                ; Off                ;
; Block Design Naming                                                        ; Auto               ; Auto               ;
; SDC constraint protection                                                  ; Off                ; Off                ;
; Synthesis Effort                                                           ; Auto               ; Auto               ;
; Shift Register Replacement - Allow Asynchronous Clear Signal               ; On                 ; On                 ;
; Pre-Mapping Resynthesis Optimization                                       ; Off                ; Off                ;
; Analysis & Synthesis Message Level                                         ; Medium             ; Medium             ;
; Disable Register Merging Across Hierarchies                                ; Auto               ; Auto               ;
; Resource Aware Inference For Block RAM                                     ; On                 ; On                 ;
+----------------------------------------------------------------------------+--------------------+--------------------+


+------------------------------------------+
; Parallel Compilation                     ;
+----------------------------+-------------+
; Processors                 ; Number      ;
+----------------------------+-------------+
; Number detected on machine ; 12          ;
; Maximum allowed            ; 6           ;
;                            ;             ;
; Average used               ; 1.00        ;
; Maximum used               ; 6           ;
;                            ;             ;
; Usage by Processor         ; % Time Used ;
;     Processor 1            ; 100.0%      ;
;     Processors 2-6         ;   0.0%      ;
+----------------------------+-------------+


+-------------------------------------------------------------------------------------------------------------------------------+
; Analysis & Synthesis Source Files Read                                                                                        ;
+----------------------------------+-----------------+------------------------+---------------------------------------+---------+
; File Name with User-Entered Path ; Used in Netlist ; File Type              ; File Name with Absolute Path          ; Library ;
+----------------------------------+-----------------+------------------------+---------------------------------------+---------+
; counter2.v                       ; yes             ; User Verilog HDL File  ; W:/SDP/Prac3/counter2.v               ;         ;
; contador_up_down.v               ; yes             ; User Verilog HDL File  ; W:/SDP/Prac3/contador_up_down.v       ;         ;
; contador_variable.v              ; yes             ; User Verilog HDL File  ; W:/SDP/Prac3/contador_variable.v      ;         ;
; FSM_luces_kit_medvedev.v         ; yes             ; User Verilog HDL File  ; W:/SDP/Prac3/FSM_luces_kit_medvedev.v ;         ;
; FSM_speed_mealey.v               ; yes             ; User Verilog HDL File  ; W:/SDP/Prac3/FSM_speed_mealey.v       ;         ;
; Luces_final.v                    ; yes             ; User Verilog HDL File  ; W:/SDP/Prac3/Luces_final.v            ;         ;
+----------------------------------+-----------------+------------------------+---------------------------------------+---------+


+--------------------------------------------------------------+
; Analysis & Synthesis Resource Usage Summary                  ;
+---------------------------------------------+----------------+
; Resource                                    ; Usage          ;
+---------------------------------------------+----------------+
; Estimated Total logic elements              ; 79             ;
;                                             ;                ;
; Total combinational functions               ; 67             ;
; Logic element usage by number of LUT inputs ;                ;
;     -- 4 input functions                    ; 23             ;
;     -- 3 input functions                    ; 9              ;
;     -- <=2 input functions                  ; 35             ;
;                                             ;                ;
; Logic elements by mode                      ;                ;
;     -- normal mode                          ; 42             ;
;     -- arithmetic mode                      ; 25             ;
;                                             ;                ;
; Total registers                             ; 46             ;
;     -- Dedicated logic registers            ; 46             ;
;     -- I/O registers                        ; 0              ;
;                                             ;                ;
; I/O pins                                    ; 22             ;
;                                             ;                ;
; Embedded Multiplier 9-bit elements          ; 0              ;
;                                             ;                ;
; Maximum fan-out node                        ; CLOCK_50~input ;
; Maximum fan-out                             ; 46             ;
; Total fan-out                               ; 412            ;
; Average fan-out                             ; 2.62           ;
+---------------------------------------------+----------------+


+--------------------------------------------------------------------------------------------------------------------------------------------------------------------------------------------------------------------------------------------+
; Analysis & Synthesis Resource Utilization by Entity                                                                                                                                                                                        ;
+--------------------------------+---------------------+---------------------------+-------------+--------------+---------+-----------+------+--------------+----------------------------------------+------------------------+--------------+
; Compilation Hierarchy Node     ; Combinational ALUTs ; Dedicated Logic Registers ; Memory Bits ; DSP Elements ; DSP 9x9 ; DSP 18x18 ; Pins ; Virtual Pins ; Full Hierarchy Name                    ; Entity Name            ; Library Name ;
+--------------------------------+---------------------+---------------------------+-------------+--------------+---------+-----------+------+--------------+----------------------------------------+------------------------+--------------+
; |Luces_final                   ; 67 (0)              ; 46 (0)                    ; 0           ; 0            ; 0       ; 0         ; 22   ; 0            ; |Luces_final                           ; Luces_final            ; work         ;
;    |FSM_luces_kit_medvedev:md| ; 8 (8)               ; 14 (14)                   ; 0           ; 0            ; 0       ; 0         ; 0    ; 0            ; |Luces_final|FSM_luces_kit_medvedev:md ; FSM_luces_kit_medvedev ; work         ;
;    |FSM_speed_mealey:sm|       ; 3 (3)               ; 1 (1)                     ; 0           ; 0            ; 0       ; 0         ; 0    ; 0            ; |Luces_final|FSM_speed_mealey:sm       ; FSM_speed_mealey       ; work         ;
;    |contador_up_down:cup|      ; 7 (7)               ; 4 (4)                     ; 0           ; 0            ; 0       ; 0         ; 0    ; 0            ; |Luces_final|contador_up_down:cup      ; contador_up_down       ; work         ;
;    |contador_variable:cv|      ; 10 (10)             ; 4 (4)                     ; 0           ; 0            ; 0       ; 0         ; 0    ; 0            ; |Luces_final|contador_variable:cv      ; contador_variable      ; work         ;
;    |counter2:c2|               ; 39 (39)             ; 23 (23)                   ; 0           ; 0            ; 0       ; 0         ; 0    ; 0            ; |Luces_final|counter2:c2               ; counter2               ; work         ;
+--------------------------------+---------------------+---------------------------+-------------+--------------+---------+-----------+------+--------------+----------------------------------------+------------------------+--------------+
Note: For table entries with two numbers listed, the numbers in parentheses indicate the number of resources of the given type used by the specific entity alone. The numbers listed outside of parentheses indicate the total resources of the given type used by the specific entity and all of its sub-entities in the hierarchy.


Encoding Type:  One-Hot
+----------------------------------------------------------------------------------------------------------------------------------------------------------------------------------------------------------------------------------------------------------------------------------+
; State Machine - |Luces_final|FSM_luces_kit_medvedev:md|cuenta                                                                                                                                                                                                                    ;
+------------------+------------------+------------------+------------------+------------------+-----------------+-----------------+-----------------+-----------------+-----------------+-----------------+-----------------+-----------------+-----------------+-----------------+
; Name             ; cuenta.ESTADO_13 ; cuenta.ESTADO_12 ; cuenta.ESTADO_11 ; cuenta.ESTADO_10 ; cuenta.ESTADO_9 ; cuenta.ESTADO_8 ; cuenta.ESTADO_7 ; cuenta.ESTADO_6 ; cuenta.ESTADO_5 ; cuenta.ESTADO_4 ; cuenta.ESTADO_3 ; cuenta.ESTADO_2 ; cuenta.ESTADO_1 ; cuenta.ESTADO_0 ;
+------------------+------------------+------------------+------------------+------------------+-----------------+-----------------+-----------------+-----------------+-----------------+-----------------+-----------------+-----------------+-----------------+-----------------+
; cuenta.ESTADO_0  ; 0                ; 0                ; 0                ; 0                ; 0               ; 0               ; 0               ; 0               ; 0               ; 0               ; 0               ; 0               ; 0               ; 0               ;
; cuenta.ESTADO_1  ; 0                ; 0                ; 0                ; 0                ; 0               ; 0               ; 0               ; 0               ; 0               ; 0               ; 0               ; 0               ; 1               ; 1               ;
; cuenta.ESTADO_2  ; 0                ; 0                ; 0                ; 0                ; 0               ; 0               ; 0               ; 0               ; 0               ; 0               ; 0               ; 1               ; 0               ; 1               ;
; cuenta.ESTADO_3  ; 0                ; 0                ; 0                ; 0                ; 0               ; 0               ; 0               ; 0               ; 0               ; 0               ; 1               ; 0               ; 0               ; 1               ;
; cuenta.ESTADO_4  ; 0                ; 0                ; 0                ; 0                ; 0               ; 0               ; 0               ; 0               ; 0               ; 1               ; 0               ; 0               ; 0               ; 1               ;
; cuenta.ESTADO_5  ; 0                ; 0                ; 0                ; 0                ; 0               ; 0               ; 0               ; 0               ; 1               ; 0               ; 0               ; 0               ; 0               ; 1               ;
; cuenta.ESTADO_6  ; 0                ; 0                ; 0                ; 0                ; 0               ; 0               ; 0               ; 1               ; 0               ; 0               ; 0               ; 0               ; 0               ; 1               ;
; cuenta.ESTADO_7  ; 0                ; 0                ; 0                ; 0                ; 0               ; 0               ; 1               ; 0               ; 0               ; 0               ; 0               ; 0               ; 0               ; 1               ;
; cuenta.ESTADO_8  ; 0                ; 0                ; 0                ; 0                ; 0               ; 1               ; 0               ; 0               ; 0               ; 0               ; 0               ; 0               ; 0               ; 1               ;
; cuenta.ESTADO_9  ; 0                ; 0                ; 0                ; 0                ; 1               ; 0               ; 0               ; 0               ; 0               ; 0               ; 0               ; 0               ; 0               ; 1               ;
; cuenta.ESTADO_10 ; 0                ; 0                ; 0                ; 1                ; 0               ; 0               ; 0               ; 0               ; 0               ; 0               ; 0               ; 0               ; 0               ; 1               ;
; cuenta.ESTADO_11 ; 0                ; 0                ; 1                ; 0                ; 0               ; 0               ; 0               ; 0               ; 0               ; 0               ; 0               ; 0               ; 0               ; 1               ;
; cuenta.ESTADO_12 ; 0                ; 1                ; 0                ; 0                ; 0               ; 0               ; 0               ; 0               ; 0               ; 0               ; 0               ; 0               ; 0               ; 1               ;
; cuenta.ESTADO_13 ; 1                ; 0                ; 0                ; 0                ; 0               ; 0               ; 0               ; 0               ; 0               ; 0               ; 0               ; 0               ; 0               ; 1               ;
+------------------+------------------+------------------+------------------+------------------+-----------------+-----------------+-----------------+-----------------+-----------------+-----------------+-----------------+-----------------+-----------------+-----------------+


Encoding Type:  One-Hot
+-------------------------------------------------------------------------------------------------------------------------------------------------------------------------------------------------------------------------------------------------------------------------------------------------------------------------------------------------------------------------------------------+
; State Machine - |Luces_final|FSM_luces_kit_medvedev:md|estado_actual                                                                                                                                                                                                                                                                                                                      ;
+-------------------------+-------------------------+-------------------------+-------------------------+-------------------------+------------------------+------------------------+------------------------+------------------------+------------------------+------------------------+------------------------+------------------------+------------------------+------------------------+
; Name                    ; estado_actual.ESTADO_13 ; estado_actual.ESTADO_12 ; estado_actual.ESTADO_11 ; estado_actual.ESTADO_10 ; estado_actual.ESTADO_9 ; estado_actual.ESTADO_8 ; estado_actual.ESTADO_7 ; estado_actual.ESTADO_6 ; estado_actual.ESTADO_5 ; estado_actual.ESTADO_4 ; estado_actual.ESTADO_3 ; estado_actual.ESTADO_2 ; estado_actual.ESTADO_1 ; estado_actual.ESTADO_0 ;
+-------------------------+-------------------------+-------------------------+-------------------------+-------------------------+------------------------+------------------------+------------------------+------------------------+------------------------+------------------------+------------------------+------------------------+------------------------+------------------------+
; estado_actual.ESTADO_0  ; 0                       ; 0                       ; 0                       ; 0                       ; 0                      ; 0                      ; 0                      ; 0                      ; 0                      ; 0                      ; 0                      ; 0                      ; 0                      ; 0                      ;
; estado_actual.ESTADO_1  ; 0                       ; 0                       ; 0                       ; 0                       ; 0                      ; 0                      ; 0                      ; 0                      ; 0                      ; 0                      ; 0                      ; 0                      ; 1                      ; 1                      ;
; estado_actual.ESTADO_2  ; 0                       ; 0                       ; 0                       ; 0                       ; 0                      ; 0                      ; 0                      ; 0                      ; 0                      ; 0                      ; 0                      ; 1                      ; 0                      ; 1                      ;
; estado_actual.ESTADO_3  ; 0                       ; 0                       ; 0                       ; 0                       ; 0                      ; 0                      ; 0                      ; 0                      ; 0                      ; 0                      ; 1                      ; 0                      ; 0                      ; 1                      ;
; estado_actual.ESTADO_4  ; 0                       ; 0                       ; 0                       ; 0                       ; 0                      ; 0                      ; 0                      ; 0                      ; 0                      ; 1                      ; 0                      ; 0                      ; 0                      ; 1                      ;
; estado_actual.ESTADO_5  ; 0                       ; 0                       ; 0                       ; 0                       ; 0                      ; 0                      ; 0                      ; 0                      ; 1                      ; 0                      ; 0                      ; 0                      ; 0                      ; 1                      ;
; estado_actual.ESTADO_6  ; 0                       ; 0                       ; 0                       ; 0                       ; 0                      ; 0                      ; 0                      ; 1                      ; 0                      ; 0                      ; 0                      ; 0                      ; 0                      ; 1                      ;
; estado_actual.ESTADO_7  ; 0                       ; 0                       ; 0                       ; 0                       ; 0                      ; 0                      ; 1                      ; 0                      ; 0                      ; 0                      ; 0                      ; 0                      ; 0                      ; 1                      ;
; estado_actual.ESTADO_8  ; 0                       ; 0                       ; 0                       ; 0                       ; 0                      ; 1                      ; 0                      ; 0                      ; 0                      ; 0                      ; 0                      ; 0                      ; 0                      ; 1                      ;
; estado_actual.ESTADO_9  ; 0                       ; 0                       ; 0                       ; 0                       ; 1                      ; 0                      ; 0                      ; 0                      ; 0                      ; 0                      ; 0                      ; 0                      ; 0                      ; 1                      ;
; estado_actual.ESTADO_10 ; 0                       ; 0                       ; 0                       ; 1                       ; 0                      ; 0                      ; 0                      ; 0                      ; 0                      ; 0                      ; 0                      ; 0                      ; 0                      ; 1                      ;
; estado_actual.ESTADO_11 ; 0                       ; 0                       ; 1                       ; 0                       ; 0                      ; 0                      ; 0                      ; 0                      ; 0                      ; 0                      ; 0                      ; 0                      ; 0                      ; 1                      ;
; estado_actual.ESTADO_12 ; 0                       ; 1                       ; 0                       ; 0                       ; 0                      ; 0                      ; 0                      ; 0                      ; 0                      ; 0                      ; 0                      ; 0                      ; 0                      ; 1                      ;
; estado_actual.ESTADO_13 ; 1                       ; 0                       ; 0                       ; 0                       ; 0                      ; 0                      ; 0                      ; 0                      ; 0                      ; 0                      ; 0                      ; 0                      ; 0                      ; 1                      ;
+-------------------------+-------------------------+-------------------------+-------------------------+-------------------------+------------------------+------------------------+------------------------+------------------------+------------------------+------------------------+------------------------+------------------------+------------------------+------------------------+


+-----------------------------------------------------------------+
; Registers Removed During Synthesis                              ;
+--------------------------------------------+--------------------+
; Register name                              ; Reason for Removal ;
+--------------------------------------------+--------------------+
; FSM_luces_kit_medvedev:md|cuenta.ESTADO_0  ; Lost fanout        ;
; FSM_luces_kit_medvedev:md|cuenta.ESTADO_1  ; Lost fanout        ;
; FSM_luces_kit_medvedev:md|cuenta.ESTADO_2  ; Lost fanout        ;
; FSM_luces_kit_medvedev:md|cuenta.ESTADO_3  ; Lost fanout        ;
; FSM_luces_kit_medvedev:md|cuenta.ESTADO_4  ; Lost fanout        ;
; FSM_luces_kit_medvedev:md|cuenta.ESTADO_5  ; Lost fanout        ;
; FSM_luces_kit_medvedev:md|cuenta.ESTADO_6  ; Lost fanout        ;
; FSM_luces_kit_medvedev:md|cuenta.ESTADO_7  ; Lost fanout        ;
; FSM_luces_kit_medvedev:md|cuenta.ESTADO_8  ; Lost fanout        ;
; FSM_luces_kit_medvedev:md|cuenta.ESTADO_9  ; Lost fanout        ;
; FSM_luces_kit_medvedev:md|cuenta.ESTADO_10 ; Lost fanout        ;
; FSM_luces_kit_medvedev:md|cuenta.ESTADO_11 ; Lost fanout        ;
; FSM_luces_kit_medvedev:md|cuenta.ESTADO_12 ; Lost fanout        ;
; FSM_luces_kit_medvedev:md|cuenta.ESTADO_13 ; Lost fanout        ;
; FSM_luces_kit_medvedev:md|cuenta~4         ; Lost fanout        ;
; FSM_luces_kit_medvedev:md|cuenta~5         ; Lost fanout        ;
; FSM_luces_kit_medvedev:md|cuenta~6         ; Lost fanout        ;
; FSM_luces_kit_medvedev:md|cuenta~7         ; Lost fanout        ;
; FSM_luces_kit_medvedev:md|estado_actual~4  ; Lost fanout        ;
; FSM_luces_kit_medvedev:md|estado_actual~5  ; Lost fanout        ;
; FSM_luces_kit_medvedev:md|estado_actual~6  ; Lost fanout        ;
; FSM_luces_kit_medvedev:md|estado_actual~7  ; Lost fanout        ;
; Total Number of Removed Registers = 22     ;                    ;
+--------------------------------------------+--------------------+


+------------------------------------------------------+
; General Register Statistics                          ;
+----------------------------------------------+-------+
; Statistic                                    ; Value ;
+----------------------------------------------+-------+
; Total registers                              ; 46    ;
; Number of registers using Synchronous Clear  ; 0     ;
; Number of registers using Synchronous Load   ; 3     ;
; Number of registers using Asynchronous Clear ; 46    ;
; Number of registers using Asynchronous Load  ; 0     ;
; Number of registers using Clock Enable       ; 44    ;
; Number of registers using Preset             ; 0     ;
+----------------------------------------------+-------+


+------------------------------------------------------------------------------------------------------------------------------------------------+
; Multiplexer Restructuring Statistics (Restructuring Performed)                                                                                 ;
+--------------------+-----------+---------------+----------------------+------------------------+------------+----------------------------------+
; Multiplexer Inputs ; Bus Width ; Baseline Area ; Area if Restructured ; Saving if Restructured ; Registered ; Example Multiplexer Output       ;
+--------------------+-----------+---------------+----------------------+------------------------+------------+----------------------------------+
; 4:1                ; 23 bits   ; 46 LEs        ; 46 LEs               ; 0 LEs                  ; Yes        ; |Luces_final|counter2:c2|cnt[18] ;
+--------------------+-----------+---------------+----------------------+------------------------+------------+----------------------------------+


+----------------------------------------------------------+
; Parameter Settings for User Entity Instance: counter2:c2 ;
+----------------+---------+-------------------------------+
; Parameter Name ; Value   ; Type                          ;
+----------------+---------+-------------------------------+
; MODULE         ; 5000000 ; Signed Integer                ;
; n              ; 23      ; Signed Integer                ;
+----------------+---------+-------------------------------+
Note: In order to hide this table in the UI and the text report file, please set the "Show Parameter Settings in Synthesis Report" option in "Analysis and Synthesis Settings -> More Settings" to "Off".


+-------------------------------------------------------------------+
; Parameter Settings for User Entity Instance: contador_up_down:cup ;
+----------------+-------+------------------------------------------+
; Parameter Name ; Value ; Type                                     ;
+----------------+-------+------------------------------------------+
; MODULE         ; 16    ; Signed Integer                           ;
; n              ; 4     ; Signed Integer                           ;
+----------------+-------+------------------------------------------+
Note: In order to hide this table in the UI and the text report file, please set the "Show Parameter Settings in Synthesis Report" option in "Analysis and Synthesis Settings -> More Settings" to "Off".


+-------------------------------------------------------------------+
; Parameter Settings for User Entity Instance: contador_variable:cv ;
+----------------+-------+------------------------------------------+
; Parameter Name ; Value ; Type                                     ;
+----------------+-------+------------------------------------------+
; width_counter  ; 4     ; Signed Integer                           ;
+----------------+-------+------------------------------------------+
Note: In order to hide this table in the UI and the text report file, please set the "Show Parameter Settings in Synthesis Report" option in "Analysis and Synthesis Settings -> More Settings" to "Off".


+---------------------------------------------------------+
; Port Connectivity Checks: "contador_up_down:cup"        ;
+------------+--------+----------+------------------------+
; Port       ; Type   ; Severity ; Details                ;
+------------+--------+----------+------------------------+
; fin_cuenta ; Output ; Info     ; Explicitly unconnected ;
+------------+--------+----------+------------------------+


+-----------------------------------------------------+
; Post-Synthesis Netlist Statistics for Top Partition ;
+-----------------------+-----------------------------+
; Type                  ; Count                       ;
+-----------------------+-----------------------------+
; boundary_port         ; 22                          ;
; cycloneiii_ff         ; 46                          ;
;     CLR               ; 2                           ;
;     ENA CLR           ; 41                          ;
;     ENA CLR SLD       ; 3                           ;
; cycloneiii_lcell_comb ; 68                          ;
;     arith             ; 25                          ;
;         2 data inputs ; 23                          ;
;         3 data inputs ; 2                           ;
;     normal            ; 43                          ;
;         1 data inputs ; 4                           ;
;         2 data inputs ; 9                           ;
;         3 data inputs ; 7                           ;
;         4 data inputs ; 23                          ;
;                       ;                             ;
; Max LUT depth         ; 5.00                        ;
; Average LUT depth     ; 2.83                        ;
+-----------------------+-----------------------------+


+-------------------------------+
; Elapsed Time Per Partition    ;
+----------------+--------------+
; Partition Name ; Elapsed Time ;
+----------------+--------------+
; Top            ; 00:00:00     ;
+----------------+--------------+


+-------------------------------+
; Analysis & Synthesis Messages ;
+-------------------------------+
Info: *******************************************************************
Info: Running Quartus Prime Analysis & Synthesis
    Info: Version 17.1.1 Internal Build 593 12/11/2017 SJ Standard Edition
    Info: Processing started: Wed May 17 13:23:01 2023
Info: Command: quartus_map --read_settings_files=on --write_settings_files=off motor -c motor
Warning (18236): Number of processors has not been specified which may cause overloading on shared machines.  Set the global assignment NUM_PARALLEL_PROCESSORS in your QSF to an appropriate value for best performance.
Info (20030): Parallel compilation is enabled and will use 6 of the 6 processors detected
Info (12021): Found 1 design units, including 1 entities, in source file verifica_motor.v
    Info (12023): Found entity 1: Verifica_Motor File: W:/SDP/Prac3/Verifica_Motor.v Line: 1
Info (12021): Found 1 design units, including 1 entities, in source file testbench-u1.qxp
    Info (12023): Found entity 1: testbench File: W:/SDP/Prac3/testbench-U1.qxp Line: -1
Info (12021): Found 1 design units, including 1 entities, in source file control_motor.v
    Info (12023): Found entity 1: control_motor File: W:/SDP/Prac3/control_motor.v Line: 19
Info (12021): Found 1 design units, including 1 entities, in source file counter2.v
    Info (12023): Found entity 1: counter2 File: W:/SDP/Prac3/counter2.v Line: 1
Info (12021): Found 1 design units, including 1 entities, in source file contador_up_down.v
    Info (12023): Found entity 1: contador_up_down File: W:/SDP/Prac3/contador_up_down.v Line: 1
Info (12021): Found 1 design units, including 1 entities, in source file contador_variable.v
    Info (12023): Found entity 1: contador_variable File: W:/SDP/Prac3/contador_variable.v Line: 1
Info (12021): Found 1 design units, including 1 entities, in source file fsm_luces_kit_medvedev.v
    Info (12023): Found entity 1: FSM_luces_kit_medvedev File: W:/SDP/Prac3/FSM_luces_kit_medvedev.v Line: 1
Info (12021): Found 1 design units, including 1 entities, in source file fsm_speed_mealey.v
    Info (12023): Found entity 1: FSM_speed_mealey File: W:/SDP/Prac3/FSM_speed_mealey.v Line: 1
Info (12021): Found 1 design units, including 1 entities, in source file luces_final.v
    Info (12023): Found entity 1: Luces_final File: W:/SDP/Prac3/Luces_final.v Line: 18
Info (12127): Elaborating entity "Luces_final" for the top level hierarchy
Info (12128): Elaborating entity "counter2" for hierarchy "counter2:c2" File: W:/SDP/Prac3/Luces_final.v Line: 28
Warning (10230): Verilog HDL assignment warning at counter2.v(32): truncated value with size 32 to match size of target (23) File: W:/SDP/Prac3/counter2.v Line: 32
Info (12128): Elaborating entity "contador_up_down" for hierarchy "contador_up_down:cup" File: W:/SDP/Prac3/Luces_final.v Line: 30
Warning (10230): Verilog HDL assignment warning at contador_up_down.v(32): truncated value with size 32 to match size of target (4) File: W:/SDP/Prac3/contador_up_down.v Line: 32
Info (12128): Elaborating entity "contador_variable" for hierarchy "contador_variable:cv" File: W:/SDP/Prac3/Luces_final.v Line: 32
Warning (10230): Verilog HDL assignment warning at contador_variable.v(10): truncated value with size 32 to match size of target (4) File: W:/SDP/Prac3/contador_variable.v Line: 10
Info (12128): Elaborating entity "FSM_luces_kit_medvedev" for hierarchy "FSM_luces_kit_medvedev:md" File: W:/SDP/Prac3/Luces_final.v Line: 34
Warning (10036): Verilog HDL or VHDL warning at FSM_luces_kit_medvedev.v(3): object "cuenta" assigned a value but never read File: W:/SDP/Prac3/FSM_luces_kit_medvedev.v Line: 3
Info (12128): Elaborating entity "FSM_speed_mealey" for hierarchy "FSM_speed_mealey:sm" File: W:/SDP/Prac3/Luces_final.v Line: 36
Info (10264): Verilog HDL Case Statement information at FSM_speed_mealey.v(25): all case item expressions in this case statement are onehot File: W:/SDP/Prac3/FSM_speed_mealey.v Line: 25
Info (286030): Timing-Driven Synthesis is running
Info (17049): 22 registers lost all their fanouts during netlist optimizations.
Info (16010): Generating hard_block partition "hard_block:auto_generated_inst"
    Info (16011): Adding 0 node(s), including 0 DDIO, 0 PLL, 0 transceiver and 0 LCELL
Info (21057): Implemented 101 device resources after synthesis - the final resource count might be different
    Info (21058): Implemented 6 input pins
    Info (21059): Implemented 16 output pins
    Info (21061): Implemented 79 logic cells
Info: Quartus Prime Analysis & Synthesis was successful. 0 errors, 5 warnings
    Info: Peak virtual memory: 4796 megabytes
    Info: Processing ended: Wed May 17 13:23:13 2023
    Info: Elapsed time: 00:00:12
    Info: Total CPU time (on all processors): 00:00:18


